Flutter crash report.
Please report a bug at https://github.com/flutter/flutter/issues.

## command

flutter analyze --no-fatal-infos

## exception

_Exception: Exception: analysis server exited with code -1073740791 and output:
[stdout] {"event":"server.connected","params":{"version":"1.40.1","pid":38888}}
[stdout] {"id":"1"}
[stdout] {"event":"analysis.errors","params":{"file":"C:\\Users\\megda\\Telemedicine101\\Telemedicine101\\analysis_options.yaml","errors":[]}}
[stdout] {"event":"analysis.errors","params":{"file":"C:\\Users\\megda\\Telemedicine101\\Telemedicine101\\android\\app\\src\\debug\\AndroidManifest.xml","errors":[]}}
[stdout] {"event":"analysis.errors","params":{"file":"C:\\Users\\megda\\Telemedicine101\\Telemedicine101\\android\\app\\src\\main\\AndroidManifest.xml","errors":[]}}
[stdout] {"event":"analysis.errors","params":{"file":"C:\\Users\\megda\\Telemedicine101\\Telemedicine101\\android\\app\\src\\profile\\AndroidManifest.xml","errors":[]}}
[stdout] {"event":"analysis.errors","params":{"file":"C:\\Users\\megda\\Telemedicine101\\Telemedicine101\\build\\agora_rtc_engine\\intermediates\\aapt_friendly_merged_manifests\\release\\processReleaseManifest\\aapt\\AndroidManifest.xml","errors":[]}}
[stdout] {"event":"analysis.errors","params":{"file":"C:\\Users\\megda\\Telemedicine101\\Telemedicine101\\build\\agora_rtc_engine\\intermediates\\merged_manifest\\release\\processReleaseManifest\\AndroidManifest.xml","errors":[]}}
[stdout] {"event":"analysis.errors","params":{"file":"C:\\Users\\megda\\Telemedicine101\\Telemedicine101\\pubspec.yaml","errors":[]}}
[stdout] {"event":"server.status","params":{"analysis":{"isAnalyzing":true}}}
[stderr] ../../runtime/vm/os_thread.cc: 364: error: Could not start thread DartWorker: 22 (The device does not recognize the command.
[stderr] 
[stderr] )
[stderr] version=3.11.0 (stable) (Mon Feb 9 00:38:07 2026 -0800) on "windows_x64"
[stderr] pid=38888, thread=13732, isolate_group=(nil)(0000000000000000), isolate=(nil)(0000000000000000)
[stderr] os=windows, arch=x64, comp=no, sim=no
[stderr] isolate_instructions=0, vm_instructions=7ff7f9938400
[stderr] fp=5def5ff190, sp=5def5ff148, pc=7ff7f9c1cca3
[stderr]   pc 0x00007ff7f9c1cca3 fp 0x0000005def5ff190 Dart_DetectNullSafety+0x2dc1c3
[stderr] -- End of DumpStackTrace

```
```

## flutter doctor

```
[✓] Flutter (Channel stable, 3.41.2, on Microsoft Windows [Version 10.0.26200.8737], locale en-US) [885ms]
    • Flutter version 3.41.2 on channel stable at D:\flutter
    • Upstream repository https://github.com/flutter/flutter.git
    • Framework revision 90673a4eef (5 months ago), 2026-02-18 13:54:59 -0800
    • Engine revision 6c0baaebf7
    • Dart version 3.11.0
    • DevTools version 2.54.1
    • Feature flags: enable-web, enable-linux-desktop, enable-macos-desktop, enable-windows-desktop, enable-android, enable-ios, cli-animations, enable-native-assets, omit-legacy-version-file, enable-lldb-debugging, enable-uiscene-migration

[✓] Windows Version (Windows 11 or higher, 25H2, 2009) [12.3s]

[✓] Android toolchain - develop for Android devices (Android SDK version 35.0.0) [20.9s]
    • Android SDK at D:\android_sdk
    • Emulator version unknown
    • Platform android-36, build-tools 35.0.0
    • ANDROID_HOME = C:\Users\megda\AppData\Local\Android\Sdk
    • Java binary at: C:\Program Files\Microsoft\jdk-17.0.18.8-hotspot\bin\java
      This JDK is specified by the JAVA_HOME environment variable.
      To manually set the JDK path, use: `flutter config --jdk-dir="path/to/jdk"`.
    • Java version OpenJDK Runtime Environment Microsoft-13106358 (build 17.0.18+8-LTS)
    • All Android licenses accepted.

[✓] Chrome - develop for the web [1,296ms]
    • Chrome at C:\Program Files\Google\Chrome\Application\chrome.exe

[✗] Visual Studio - develop Windows apps [1,291ms]
    ✗ Visual Studio not installed; this is necessary to develop Windows apps.
      Download at https://visualstudio.microsoft.com/downloads/.
      Please install the "Desktop development with C++" workload, including all of its default components

[✓] Connected device (3 available) [4.3s]
    • Windows (desktop) • windows • windows-x64    • Microsoft Windows [Version 10.0.26200.8737]
    • Chrome (web)      • chrome  • web-javascript • Google Chrome 149.0.7827.201
    • Edge (web)        • edge    • web-javascript • Microsoft Edge 150.0.4078.65

[✓] Network resources [4.4s]
    • All expected network resources are available.

! Doctor found issues in 1 category.
```
